******************************************************************************
             TMS320C2000 Linker PC v22.6.0                     
******************************************************************************
>> Linked Tue May 30 16:06:36 2023

OUTPUT FILE NAME:   <epwm_ex2_updown_aq.out>
ENTRY POINT SYMBOL: "code_start"  address: 00000000


MEMORY CONFIGURATION

         name            origin    length      used     unused   attr    fill
----------------------  --------  ---------  --------  --------  ----  --------
PAGE 0:
  BEGIN                 00000000   00000002  00000002  00000000  RWIX
  RAMM0                 00000123   000002dd  00000018  000002c5  RWIX
  RAMLS0                00008000   00000800  000007ff  00000001  RWIX
  RAMLS1                00008800   00000800  00000249  000005b7  RWIX
  RAMLS2                00009000   00000800  00000000  00000800  RWIX
  RAMLS3                00009800   00000800  00000000  00000800  RWIX
  RAMLS4                0000a000   00000800  00000000  00000800  RWIX
  RAMD0                 0000b000   00000800  00000800  00000000  RWIX
  FLASHA                00080002   00001ffe  00000000  00001ffe  RWIX
  FLASHB                00082000   00002000  00000000  00002000  RWIX
  FLASHC                00084000   00002000  00000000  00002000  RWIX
  FLASHD                00086000   00002000  00000000  00002000  RWIX
  FLASHE                00088000   00008000  00000000  00008000  RWIX
  FLASHF                00090000   00008000  00000000  00008000  RWIX
  FLASHG                00098000   00008000  00000000  00008000  RWIX
  FLASHH                000a0000   00008000  00000000  00008000  RWIX
  FLASHI                000a8000   00008000  00000000  00008000  RWIX
  FLASHJ                000b0000   00008000  00000000  00008000  RWIX
  FLASHK                000b8000   00002000  00000000  00002000  RWIX
  FLASHL                000ba000   00002000  00000000  00002000  RWIX
  FLASHM                000bc000   00002000  00000000  00002000  RWIX
  FLASHN                000be000   00001ff0  00000000  00001ff0  RWIX
  RESET                 003fffc0   00000002  00000000  00000002  RWIX

PAGE 1:
  BOOT_RSVD             00000002   00000121  00000000  00000121  RWIX
  RAMM1                 00000400   000003f8  000003f8  00000000  RWIX
  RAMLS5                0000a800   00000800  00000229  000005d7  RWIX
  RAMD1                 0000b800   00000800  00000000  00000800  RWIX
  RAMGS0                0000c000   00001000  00000000  00001000  RWIX
  RAMGS1                0000d000   00001000  00000000  00001000  RWIX
  RAMGS2                0000e000   00001000  00000000  00001000  RWIX
  RAMGS3                0000f000   00001000  00000000  00001000  RWIX
  RAMGS4                00010000   00001000  00000000  00001000  RWIX
  RAMGS5                00011000   00001000  00000000  00001000  RWIX
  RAMGS6                00012000   00001000  00000000  00001000  RWIX
  RAMGS7                00013000   00001000  00000000  00001000  RWIX
  RAMGS8                00014000   00001000  00000000  00001000  RWIX
  RAMGS9                00015000   00001000  00000000  00001000  RWIX
  RAMGS10               00016000   00001000  00000000  00001000  RWIX
  RAMGS11               00017000   00001000  00000000  00001000  RWIX
  RAMGS12               00018000   00001000  00000000  00001000  RWIX
  RAMGS13               00019000   00001000  00000000  00001000  RWIX
  RAMGS14               0001a000   00001000  00000000  00001000  RWIX
  RAMGS15               0001b000   00000ff8  00000000  00000ff8  RWIX
  CPU2TOCPU1RAM         0003f800   00000400  00000000  00000400  RWIX
  CPU1TOCPU2RAM         0003fc00   00000400  00000000  00000400  RWIX
  CANA_MSG_RAM          00049000   00000800  00000000  00000800  RWIX
  CANB_MSG_RAM          0004b000   00000800  00000000  00000800  RWIX


SECTION ALLOCATION MAP

 output                                  attributes/
section   page    origin      length       input sections
--------  ----  ----------  ----------   ----------------
codestart 
*          0    00000000    00000002     
                  00000000    00000002     F2837xD_CodeStartBranch.obj (codestart)

.cinit     0    00000128    00000014     
                  00000128    00000009     (.cinit..data.load) [load image, compression = lzss]
                  00000131    00000001     --HOLE-- [fill = 0]
                  00000132    00000004     (__TI_handler_table)
                  00000136    00000002     --HOLE-- [fill = 0]
                  00000138    00000004     (__TI_cinit_table)

.reset     0    003fffc0    00000000     DSECT

.stack     1    00000400    000003f8     UNINITIALIZED
                  00000400    000003f8     --HOLE--

.init_array 
*          0    00000123    00000000     UNINITIALIZED

.const     1    0000a800    00000219     
                  0000a800    000000c2     driverlib_eabi.lib : sysctl.obj (.const:.string)
                  0000a8c2    000000bc                        : gpio.obj (.const:.string)
                  0000a97e    00000044     board.obj (.const:.string)
                  0000a9c2    00000044     epwm_ex2_updown_aq.obj (.const:.string)
                  0000aa06    00000013     device.obj (.const:.string)

.data      1    0000aa1a    00000010     UNINITIALIZED
                  0000aa1a    00000006     device.obj (.data)
                  0000aa20    00000006     rts2800_fpu32_eabi.lib : exit.c.obj (.data)
                  0000aa26    00000002                            : _lock.c.obj (.data:_lock)
                  0000aa28    00000002                            : _lock.c.obj (.data:_unlock)

.TI.ramfunc 
*          0    00000123    00000004     
                  00000123    00000004     driverlib_eabi.lib : sysctl.obj (.TI.ramfunc)

GETBUFFER 
*          0    0003f800    00000000     DSECT

GETWRITEIDX 
*          0    0003f800    00000000     DSECT

PUTREADIDX 
*          0    0003f800    00000000     DSECT

.text.1    0    00008000    000007ff     
                  00008000    000002cf     epwm_ex2_updown_aq.obj (.text)
                  000082cf    00000206     driverlib_eabi.lib : sysctl.obj (.text:SysCtl_setClock)
                  000084d5    0000008a                        : sysctl.obj (.text:SysCtl_selectXTAL)
                  0000855f    00000088     rts2800_fpu32_eabi.lib : fs_div28.asm.obj (.text)
                  000085e7    00000068     driverlib_eabi.lib : sysctl.obj (.text:SysCtl_getDeviceParametric)
                  0000864f    00000052                        : gpio.obj (.text:GPIO_setPadConfig)
                  000086a1    00000051                        : sysctl.obj (.text:SysCtl_getClock)
                  000086f2    00000048                        : sysctl.obj (.text:SysCtl_selectOscSource)
                  0000873a    0000003d                        : interrupt.obj (.text:Interrupt_initModule)
                  00008777    00000037                        : gpio.obj (.text:GPIO_setControllerCore)
                  000087ae    00000037                        : gpio.obj (.text:GPIO_setPinConfig)
                  000087e5    0000001a                        : sysctl.obj (.text:CPUTimer_startTimer)

.text.2    0    00008800    00000249     
                  00008800    00000037     driverlib_eabi.lib : gpio.obj (.text:GPIO_setQualificationMode)
                  00008837    00000031                        : gpio.obj (.text:GPIO_setDirectionMode)
                  00008868    0000002e     rts2800_fpu32_eabi.lib : copy_decompress_lzss.c.obj (.text:decompress:lzss)
                  00008896    00000029                            : exit.c.obj (.text)
                  000088bf    00000021     driverlib_eabi.lib : sysctl.obj (.text:CPUTimer_selectClockSource)
                  000088e0    0000001f                        : sysctl.obj (.text:CPUTimer_getTimerOverflowStatus)
                  000088ff    0000001e                        : interrupt.obj (.text:Interrupt_initVectorTable)
                  0000891d    0000001d     rts2800_fpu32_eabi.lib : memcpy.c.obj (.text)
                  0000893a    0000001a     driverlib_eabi.lib : sysctl.obj (.text:SysCtl_getLowSpeedClock)
                  00008954    00000017                        : sysctl.obj (.text:CPUTimer_isBaseValid)
                  0000896b    00000017     rts2800_fpu32_eabi.lib : boot28.asm.obj (.text)
                  00008982    00000014     driverlib_eabi.lib : sysctl.obj (.text:CPUTimer_stopTimer)
                  00008996    00000012                        : sysctl.obj (.text:CPUTimer_clearOverflowFlag)
                  000089a8    00000012                        : sysctl.obj (.text:CPUTimer_disableInterrupt)
                  000089ba    00000011                        : sysctl.obj (.text:CPUTimer_setPeriod)
                  000089cb    0000000f                        : sysctl.obj (.text:SysCtl_pollCpuTimer)
                  000089da    0000000e                        : gpio.obj (.text:GPIO_isPinValid)
                  000089e8    0000000e                        : interrupt.obj (.text:Interrupt_defaultHandler)
                  000089f6    0000000d                        : interrupt.obj (.text:Interrupt_disableGlobal)
                  00008a03    0000000c     rts2800_fpu32_eabi.lib : args_main.c.obj (.text)
                  00008a0f    0000000b     driverlib_eabi.lib : sysctl.obj (.text:SysCtl_isMCDClockFailureDetected)
                  00008a1a    00000009                        : sysctl.obj (.text:SysCtl_serviceWatchdog)
                  00008a23    00000009     rts2800_fpu32_eabi.lib : _lock.c.obj (.text)
                  00008a2c    00000008     F2837xD_CodeStartBranch.obj (.text)
                  00008a34    00000008     rts2800_fpu32_eabi.lib : copy_decompress_none.c.obj (.text:decompress:none)
                  00008a3c    00000007     driverlib_eabi.lib : sysctl.obj (.text:SysCtl_resetMCD)
                  00008a43    00000002                        : interrupt.obj (.text:Interrupt_illegalOperationHandler)
                  00008a45    00000002                        : interrupt.obj (.text:Interrupt_nmiHandler)
                  00008a47    00000002     rts2800_fpu32_eabi.lib : pre_init.c.obj (.text)

.text.3    0    0000b000    00000800     
                  0000b000    000003fc     device.obj (.text)
                  0000b3fc    000003d8     board.obj (.text)
                  0000b7d4    0000002b     rts2800_fpu32_eabi.lib : autoinit.c.obj (.text:__TI_auto_init_nobinit_nopinit)
                  0000b7ff    00000001                            : startup.c.obj (.text)

MODULE SUMMARY

       Module                        code   ro data   rw data
       ------                        ----   -------   -------
    .\
       epwm_ex2_updown_aq.obj        719    68        0      
    +--+-----------------------------+------+---------+---------+
       Total:                        719    68        0      
                                                             
    .\device\
       device.obj                    1020   19        6      
       F2837xD_CodeStartBranch.obj   10     0         0      
    +--+-----------------------------+------+---------+---------+
       Total:                        1030   19        6      
                                                             
    .\syscfg\
       board.obj                     984    68        0      
    +--+-----------------------------+------+---------+---------+
       Total:                        984    68        0      
                                                             
    C:\ti\c2000\C2000Ware_4_03_00_00\driverlib\f2837xd\driverlib\ccs\Debug\driverlib_eabi.lib
       sysctl.obj                    1171   194       0      
       gpio.obj                      310    188       0      
       interrupt.obj                 122    0         0      
    +--+-----------------------------+------+---------+---------+
       Total:                        1603   382       0      
                                                             
    C:\ti\ccs1230\ccs\tools\compiler\ti-cgt-c2000_22.6.0.LTS\lib\rts2800_fpu32_eabi.lib
       fs_div28.asm.obj              136    0         0      
       exit.c.obj                    41     0         6      
       copy_decompress_lzss.c.obj    46     0         0      
       autoinit.c.obj                43     0         0      
       memcpy.c.obj                  29     0         0      
       boot28.asm.obj                23     0         0      
       _lock.c.obj                   9      0         4      
       args_main.c.obj               12     0         0      
       copy_decompress_none.c.obj    8      0         0      
       pre_init.c.obj                2      0         0      
       startup.c.obj                 1      0         0      
    +--+-----------------------------+------+---------+---------+
       Total:                        350    0         10     
                                                             
       Stack:                        0      0         1016   
       Linker Generated:             0      17        0      
    +--+-----------------------------+------+---------+---------+
       Grand Total:                  4686   554       1032   


LINKER GENERATED COPY TABLES

__TI_cinit_table @ 00000138 records: 1, size/record: 4, table size: 4
	.data: load addr=00000128, load size=00000009 bytes, run addr=0000aa1a, run size=00000010 bytes, compression=lzss


LINKER GENERATED HANDLER TABLE

__TI_handler_table @ 00000132 records: 2, size/record: 2, table size: 4
	index: 0, handler: __TI_decompress_lzss
	index: 1, handler: __TI_decompress_none


GLOBAL DATA SYMBOLS: SORTED BY DATA PAGE

address     data page           name
--------    ----------------    ----
00000400      10 (00000400)     __stack

0000aa1a     2a8 (0000aa00)     Example_Result
0000aa1c     2a8 (0000aa00)     Example_PassCount
0000aa1e     2a8 (0000aa00)     Example_Fail
0000aa20     2a8 (0000aa00)     __TI_enable_exit_profile_output
0000aa22     2a8 (0000aa00)     __TI_cleanup_ptr
0000aa24     2a8 (0000aa00)     __TI_dtors_ptr
0000aa26     2a8 (0000aa00)     _lock
0000aa28     2a8 (0000aa00)     _unlock


GLOBAL SYMBOLS: SORTED ALPHABETICALLY BY Name 

page  address   name                                     
----  -------   ----                                     
0     0000b598  Board_init                               
0     00008896  C$$EXIT                                  
0     0000b270  Device_bootCPU2                          
0     0000b23f  Device_configureTMXAnalogTrim            
0     0000b0ed  Device_enableAllPeripherals              
0     0000b229  Device_enableUnbondedGPIOPullups         
0     0000b20c  Device_enableUnbondedGPIOPullupsFor100Pin
0     0000b1f9  Device_enableUnbondedGPIOPullupsFor176Pin
0     0000b0ab  Device_init                              
0     0000b1d8  Device_initGPIO                          
0     0000b5f7  EPWM_init                                
1     0000aa1e  Example_Fail                             
1     0000aa1c  Example_PassCount                        
1     0000aa1a  Example_Result                           
0     0000b3fb  Example_done                             
0     0000b3f6  Example_setResultFail                    
0     0000b3f1  Example_setResultPass                    
0     00008777  GPIO_setControllerCore                   
0     00008837  GPIO_setDirectionMode                    
0     0000864f  GPIO_setPadConfig                        
0     000087ae  GPIO_setPinConfig                        
0     00008800  GPIO_setQualificationMode                
0     0000873a  Interrupt_initModule                     
0     000088ff  Interrupt_initVectorTable                
0     0000b5a1  PinMux_init                              
0     0000b7b6  SYNC_init                                
0     00000123  SysCtl_delay                             
0     000086a1  SysCtl_getClock                          
0     000085e7  SysCtl_getDeviceParametric               
0     0000893a  SysCtl_getLowSpeedClock                  
0     000086f2  SysCtl_selectOscSource                   
0     000084d5  SysCtl_selectXTAL                        
0     000082cf  SysCtl_setClock                          
0     00000138  __TI_CINIT_Base                          
0     0000013c  __TI_CINIT_Limit                         
0     0000013c  __TI_CINIT_Warm                          
0     00000132  __TI_Handler_Table_Base                  
0     00000136  __TI_Handler_Table_Limit                 
1     000007f8  __TI_STACK_END                           
abs   000003f8  __TI_STACK_SIZE                          
0     0000b7d4  __TI_auto_init_nobinit_nopinit           
1     0000aa22  __TI_cleanup_ptr                         
0     00008868  __TI_decompress_lzss                     
0     00008a34  __TI_decompress_none                     
1     0000aa24  __TI_dtors_ptr                           
1     0000aa20  __TI_enable_exit_profile_output          
abs   ffffffff  __TI_pprof_out_hndl                      
abs   ffffffff  __TI_prof_data_size                      
abs   ffffffff  __TI_prof_data_start                     
0     0000855f  __c28xabi_divf                           
n/a   UNDEFED   __c_args__                               
0     0000b3ea  __error__                                
1     00000400  __stack                                  
0     00008a03  _args_main                               
0     0000896b  _c_int00                                 
1     0000aa26  _lock                                    
0     00008a2b  _nop                                     
0     00008a27  _register_lock                           
0     00008a23  _register_unlock                         
0     0000b7ff  _system_post_cinit                       
0     00008a47  _system_pre_init                         
1     0000aa28  _unlock                                  
0     00008896  abort                                    
0     00000000  code_start                               
0     00008898  exit                                     
0     000081bc  initEPWM1                                
0     00008218  initEPWM2                                
0     00008273  initEPWM3                                
0     000081a0  main                                     
0     0000891d  memcpy                                   


GLOBAL SYMBOLS: SORTED BY Symbol Address 

page  address   name                                     
----  -------   ----                                     
0     00000000  code_start                               
0     00000123  SysCtl_delay                             
0     00000132  __TI_Handler_Table_Base                  
0     00000136  __TI_Handler_Table_Limit                 
0     00000138  __TI_CINIT_Base                          
0     0000013c  __TI_CINIT_Limit                         
0     0000013c  __TI_CINIT_Warm                          
0     000081a0  main                                     
0     000081bc  initEPWM1                                
0     00008218  initEPWM2                                
0     00008273  initEPWM3                                
0     000082cf  SysCtl_setClock                          
0     000084d5  SysCtl_selectXTAL                        
0     0000855f  __c28xabi_divf                           
0     000085e7  SysCtl_getDeviceParametric               
0     0000864f  GPIO_setPadConfig                        
0     000086a1  SysCtl_getClock                          
0     000086f2  SysCtl_selectOscSource                   
0     0000873a  Interrupt_initModule                     
0     00008777  GPIO_setControllerCore                   
0     000087ae  GPIO_setPinConfig                        
0     00008800  GPIO_setQualificationMode                
0     00008837  GPIO_setDirectionMode                    
0     00008868  __TI_decompress_lzss                     
0     00008896  C$$EXIT                                  
0     00008896  abort                                    
0     00008898  exit                                     
0     000088ff  Interrupt_initVectorTable                
0     0000891d  memcpy                                   
0     0000893a  SysCtl_getLowSpeedClock                  
0     0000896b  _c_int00                                 
0     00008a03  _args_main                               
0     00008a23  _register_unlock                         
0     00008a27  _register_lock                           
0     00008a2b  _nop                                     
0     00008a34  __TI_decompress_none                     
0     00008a47  _system_pre_init                         
0     0000b0ab  Device_init                              
0     0000b0ed  Device_enableAllPeripherals              
0     0000b1d8  Device_initGPIO                          
0     0000b1f9  Device_enableUnbondedGPIOPullupsFor176Pin
0     0000b20c  Device_enableUnbondedGPIOPullupsFor100Pin
0     0000b229  Device_enableUnbondedGPIOPullups         
0     0000b23f  Device_configureTMXAnalogTrim            
0     0000b270  Device_bootCPU2                          
0     0000b3ea  __error__                                
0     0000b3f1  Example_setResultPass                    
0     0000b3f6  Example_setResultFail                    
0     0000b3fb  Example_done                             
0     0000b598  Board_init                               
0     0000b5a1  PinMux_init                              
0     0000b5f7  EPWM_init                                
0     0000b7b6  SYNC_init                                
0     0000b7d4  __TI_auto_init_nobinit_nopinit           
0     0000b7ff  _system_post_cinit                       
1     00000400  __stack                                  
1     000007f8  __TI_STACK_END                           
1     0000aa1a  Example_Result                           
1     0000aa1c  Example_PassCount                        
1     0000aa1e  Example_Fail                             
1     0000aa20  __TI_enable_exit_profile_output          
1     0000aa22  __TI_cleanup_ptr                         
1     0000aa24  __TI_dtors_ptr                           
1     0000aa26  _lock                                    
1     0000aa28  _unlock                                  
abs   000003f8  __TI_STACK_SIZE                          
abs   ffffffff  __TI_pprof_out_hndl                      
abs   ffffffff  __TI_prof_data_size                      
abs   ffffffff  __TI_prof_data_start                     
n/a   UNDEFED   __c_args__                               

[70 symbols]
